A51 MACRO ASSEMBLER  PROJETO_ASSEMBLY                                                     05/23/2024 15:39:11 PAGE     1


MACRO ASSEMBLER A51 V8.2.7.0
OBJECT MODULE PLACED IN .\Objects\Projeto_Assembly.obj
ASSEMBLER INVOKED BY: C:\Keil_v5\C51\BIN\A51.EXE Projeto_Assembly.a51 SET(SMALL) DEBUG PRINT(.\Listings\Projeto_Assembly
                      .lst) OBJECT(.\Objects\Projeto_Assembly.obj) EP

LOC  OBJ            LINE     SOURCE

                       1     ; Include the standard 8051 register definitions
                       2     
                       3     
----                   4     CSEG AT 0300H
0300 40792430          5             segmentos1:                     DB 0x40, 0x79, 0x24, 0x30, 0x19, 0x12, 0x02, 0x78, 
                             0x00 , 0x10, 0x3F ; 0. , 1. , 2. , 3. , 4. , 5. , 6. , 7. , 8. , 9. , -. 
0304 19120278                
0308 00103F                  
030B C0F9A4B0          6             segmentos2:                     DB      0xC0, 0xF9, 0xA4, 0xB0, 0x99, 0x92, 0x82, 0
                             xF8, 0x80, 0x90 , 0xBF, 0x88, 0x83, 0xC6, 0XA1;0, 1, 2, 3, 4, 5, 6, 7, 8, 9
030F 999282F8                
0313 8090BF88                
0317 83C6A1                  
                       7     ; Define constants for timer reload values
  00D8                 8     TempoH EQU 0D8h
  00F0                 9     TempoL EQU 0F0h
                      10     
                      11     ; Define segment bit locations for display D1 and D2
  0090                12     D1 EQU P1
  00A0                13     D2 EQU P2
                      14             
                      15             
  00B4                16     bA BIT P3.4
  00B5                17     bB BIT P3.5
  00B6                18     bC BIT P3.6
  00B7                19     bD BIT P3.7
                      20     
                      21     
                      22     
----                  23     CSEG AT 0050h
0050                  24     INICIO:
                      25         ; Initialize the microcontroller
0050 7805             26         MOV R0, #5 ; segundos
0052 7900             27         MOV R1, #0 ; decimasSegundos
0054 7A00             28         MOV R2, #0 ; conta
0056 7B01             29         MOV R3, #1 ; start
0058 7C00             30         MOV R4, #0 ; resposta
005A 7D00             31             MOV R5, #0; GuardaSegundos
005C 7E00             32             MOV R6, #0; GuardaDecimasSegundos
                      33         
005E 75A88B           34         MOV IE, #8Bh   ; Enable interrupts EA, ET0, ET1, EX0
0061 75B800           35         MOV IP, #00h   ; Set default interrupt priorities
0064 758911           36         MOV TMOD, #11h ; Set Timer 0 and Timer 1 in Mode 1
                      37         
                      38         ; Set Timer 0 initial values for 5ms
0067 758CD8           39         MOV TH0, #TempoH
006A 758AF0           40         MOV TL0, #TempoL
                      41     
                      42         ; Set Timer 1 initial values for 50ms
006D 758DD8           43         MOV TH1, #TempoH
0070 758BF0           44         MOV TL1, #TempoL
                      45         
0073 C28C             46         CLR TR0
0075 C28E             47         CLR TR1
                      48         
0077 D288             49         SETB IT0
0079 D28A             50         SETB IT1
A51 MACRO ASSEMBLER  PROJETO_ASSEMBLY                                                     05/23/2024 15:39:11 PAGE     2

                      51     
                      52         ; Start the main loop
007B                  53     MAIN_LOOP:
007B 313F             54         CALL DISPLAY
007D 80FC             55         SJMP MAIN_LOOP
                      56     
                      57     ; External Interrupt 0 ISR
007F                  58     EX0_ISR:
007F EB               59         MOV A, R3 ; A <- Start
0080 600A             60         JZ EX0_ISR_s0
                      61         
0082 D28C             62         SETB TR0  ; Start Timer 0
0084 D28E             63         SETB TR1  ; Start Timer 1
0086 C2A8             64         CLR EX0   ; Disable external interrupt 0
0088 D2AA             65             SETB EX1;
                      66     
                      67     
008A 801C             68         JMP Fim_EXO_ISR
                      69         
008C                  70     EX0_ISR_s0:
008C 7B01             71         MOV R3, #1 ;Start = 1
008E 7C00             72         MOV R4, #0 ; resposta = 0
0090 7805             73         MOV R0, #5 ; Segundos = 5
0092 7900             74         MOV R1, #0; DecimasSegundos = 0
                      75         
0094 85D88C           76         MOV TH0, TempoH
0097 85F08A           77         MOV TL0, TempoL
                      78         
009A 85D88D           79         MOV TH1, TempoH
009D 85F08B           80         MOV TL1, TempoL
                      81         
00A0 D28C             82         SETB TR0
00A2 C28E             83         CLR TR1
00A4 C2A8             84         CLR EX0
00A6 7A00             85         MOV R2, #0 ; Start = 0 
                      86         
00A8                  87     Fim_EXO_ISR:  
00A8 32               88         RETI
                      89     
                      90     ; Timer 0 ISR - Debounce handling
00A9                  91     TIMER0_ISR:
00A9 C28C             92         CLR TR0   ; Stop Timer 0
                      93         
00AB C289             94         CLR IE0   ; Clear External Interrupt 0 flag
00AD C28B             95         CLR IE1
                      96         
00AF D2A8             97         SETB EX0
                      98     
                      99         ; Reset Timer 0
00B1 758CD8          100         MOV TH0, #TempoH
00B4 758AF0          101         MOV TL0, #TempoL
                     102     
00B7 32              103         RETI
                     104     
                     105     ; External Interrupt 1 ISR - Response handling
00B8                 106     EX1_ISR:
00B8 C2AA            107         CLR EX1   ; Disable external interrupt 1
                     108     
                     109         ; Check which response is selected
00BA 30B40B          110         JNB bA, SELECT_A
00BD 30B50C          111         JNB bB, SELECT_B
00C0 30B60D          112         JNB bC, SELECT_C
00C3 30B70E          113         JNB bD, SELECT_D
                     114     
00C6 800E            115         JMP HANDLE_RESPONSE
                     116     
A51 MACRO ASSEMBLER  PROJETO_ASSEMBLY                                                     05/23/2024 15:39:11 PAGE     3

00C8                 117     SELECT_A:
00C8 7C01            118         MOV R4, #1
00CA 800A            119         SJMP HANDLE_RESPONSE
                     120     
00CC                 121     SELECT_B:
00CC 7C02            122         MOV R4, #2
00CE 8006            123         SJMP HANDLE_RESPONSE
                     124     
00D0                 125     SELECT_C:
00D0 7C03            126         MOV R4, #3
00D2 8002            127         SJMP HANDLE_RESPONSE
                     128     
00D4                 129     SELECT_D:
00D4 7C04            130         MOV R4, #4
                     131     
00D6                 132     HANDLE_RESPONSE:
00D6 7B00            133         MOV R3, #0   ; Start = 0 
00D8 E8              134             MOV A, R0   
00D9 FD              135             MOV R5, A; GuardaSegundos = Segundos
00DA E9              136             MOV A, R1
00DB FE              137             MOV R6, A ;GuardaDecimasSegundos = DecimasSegundos
                     138     
00DC 32              139         RETI
                     140     
                     141     
                     142     ; Timer 1 ISR - Counting time and display control
00DD                 143     TIMER1_ISR:
                     144         ; Check if still counting down
                     145             
                     146             
                     147             
00DD EB              148         MOV A, R3
00DE B40122          149         CJNE A, #1, NOT_COUNTING ; IF(start==0)
                     150             
00E1 EA              151             MOV A, R2
00E2 B40A50          152             CJNE A, #10, CONTINUE_COUNTING ; If(conta ==10){
00E5 7A00            153             MOV R2, #0; conta = 0
                     154             
                     155             
00E7 E9              156             MOV A , R1
00E8 7016            157         JNZ DecrementaDecimas ;IF(DecimasSegundos==0)
                     158             
00EA E8              159             MOV A, R0
00EB 700C            160             JNZ SegundosNaoZero ;if(Segundos ==0){
00ED C2AA            161             CLR EX1
00EF E8              162             MOV A , R0
00F0 FD              163         MOV R5, A
00F1 E9              164             MOV A, R1
00F2 FE              165             MOV R6, A
00F3 7B00            166             MOV R3, #0
00F5 7A00            167             MOV R2, #0
00F7 803F            168             JMP return
                     169             
00F9                 170     SegundosNaoZero:
00F9 7909            171         MOV R1, #9
00FB 18              172         DEC R0
                     173             
00FC 803A            174             JMP return
                     175     
                     176             ;}
                     177             
                     178             
                     179     
                     180             
                     181     
00FE 8038            182         JMP Return
A51 MACRO ASSEMBLER  PROJETO_ASSEMBLY                                                     05/23/2024 15:39:11 PAGE     4

                     183             ;}
                     184             ;}
0100                 185     DecrementaDecimas:
0100 19              186             DEC R1; DecimasSegundos --
0101 8035            187             JMP Return
                     188     
                     189             
0103                 190     NOT_COUNTING:
0103 EA              191         MOV A, R2
0104 B4642E          192             CJNE A, #100, CONTINUE_COUNTING ; If(conta ==100){
0107 7A00            193             MOV R2, #0; conta = 0
0109 E8              194             MOV A, R0
010A B40A06          195             CJNE A, #10, NotSecond; if(segundos = 10)
010D ED              196             MOV A, R5; Segundos = GuardaSegundos
010E F8              197             MOV R0, A 
010F EE              198             MOV A, R6
0110 F9              199             MOV R1,A; DecimasSegundos = GuardaDecimasSegundos
0111 8025            200             JMP Return
                     201     
0113                 202     NotSecond:
                     203     
0113 780A            204             MOV R0, #10
0115 BC0104          205             CJNE R4, #1, RespostaB
0118 790B            206             MOV R1, #11
011A 801C            207             JMP Return
011C                 208     RespostaB:
011C BC0204          209             CJNE R4, #2,RespostaC
011F 790C            210             MOV R1, #12
0121 8015            211             JMP Return
0123                 212     RespostaC:
0123 BC0304          213             CJNE R4, #3,RespostaD
0126 790D            214             MOV R1, #13
0128 800E            215             JMP Return
012A                 216     RespostaD:
012A BC0404          217             CJNE R4, #4,RespostaDefault
012D 790E            218             MOV R1, #14
012F 8007            219             JMP Return
                     220             
0131                 221     RespostaDefault:        
0131 790A            222             MOV R1, #10
0133 8003            223             JMP Return      
                     224     
                     225     
0135                 226     CONTINUE_COUNTING:
0135 0A              227         INC R2 ; CONTA++
0136 8000            228             JMP Return
0138                 229     Return:
0138 758DD8          230         MOV TH1, #TempoH
013B 758BF0          231         MOV TL1, #TempoL            
013E 32              232             RETI    
                     233     
                     234     ; Display subroutine - Control the 7-segment displays
013F                 235     DISPLAY:
                     236         ; Display digit D1 based on seconds
013F E8              237         MOV A, R0
0140 3146            238         ACALL DISPLAY_DIGIT_D1
                     239     
                     240         ; Display digit D2 based on tenths of seconds
0142 E9              241         MOV A, R1
0143 314D            242         ACALL DISPLAY_DIGIT_D2
                     243         
                     244         
0145 22              245         RET
                     246     
0146                 247     DISPLAY_DIGIT_D1:
                     248         ; Lookup segment values for display D1
A51 MACRO ASSEMBLER  PROJETO_ASSEMBLY                                                     05/23/2024 15:39:11 PAGE     5

0146 900300          249         MOV DPTR, #segmentos1
0149 93              250         MOVC A, @A+DPTR
                     251     
                     252         ; Update segments for D1
014A F590            253         MOV D1, A
014C 22              254         RET
                     255     
014D                 256     DISPLAY_DIGIT_D2:
                     257         ; Lookup segment values for display D2
014D 90030B          258         MOV DPTR, #segmentos2
0150 93              259         MOVC A, @A+DPTR
                     260         ; Update segments for D2
0151 F5A0            261         MOV D2, A
0153 22              262         RET
                     263         
                     264     
                     265     
                     266     ; Segmento de interrupção
----                 267     CSEG AT 0000h
0000 020050          268         LJMP INICIO
----                 269     CSEG AT 0003h 
0003 02007F          270         LJMP EX0_ISR
----                 271     CSEG AT 000Bh
000B 0200A9          272         LJMP TIMER0_ISR
----                 273     CSEG AT 0013h
0013 0200B8          274         LJMP EX1_ISR
----                 275     CSEG AT 001Bh
001B 0200DD          276         LJMP TIMER1_ISR
                     277     
                     278     END
A51 MACRO ASSEMBLER  PROJETO_ASSEMBLY                                                     05/23/2024 15:39:11 PAGE     6

SYMBOL TABLE LISTING
------ ----- -------


N A M E             T Y P E  V A L U E   ATTRIBUTES

BA . . . . . . . .  B ADDR   00B0H.4 A   
BB . . . . . . . .  B ADDR   00B0H.5 A   
BC . . . . . . . .  B ADDR   00B0H.6 A   
BD . . . . . . . .  B ADDR   00B0H.7 A   
CONTINUE_COUNTING.  C ADDR   0135H   A   
D1 . . . . . . . .  D ADDR   0090H   A   
D2 . . . . . . . .  D ADDR   00A0H   A   
DECREMENTADECIMAS.  C ADDR   0100H   A   
DISPLAY. . . . . .  C ADDR   013FH   A   
DISPLAY_DIGIT_D1 .  C ADDR   0146H   A   
DISPLAY_DIGIT_D2 .  C ADDR   014DH   A   
EX0. . . . . . . .  B ADDR   00A8H.0 A   
EX0_ISR. . . . . .  C ADDR   007FH   A   
EX0_ISR_S0 . . . .  C ADDR   008CH   A   
EX1. . . . . . . .  B ADDR   00A8H.2 A   
EX1_ISR. . . . . .  C ADDR   00B8H   A   
FIM_EXO_ISR. . . .  C ADDR   00A8H   A   
HANDLE_RESPONSE. .  C ADDR   00D6H   A   
IE . . . . . . . .  D ADDR   00A8H   A   
IE0. . . . . . . .  B ADDR   0088H.1 A   
IE1. . . . . . . .  B ADDR   0088H.3 A   
INICIO . . . . . .  C ADDR   0050H   A   
IP . . . . . . . .  D ADDR   00B8H   A   
IT0. . . . . . . .  B ADDR   0088H.0 A   
IT1. . . . . . . .  B ADDR   0088H.2 A   
MAIN_LOOP. . . . .  C ADDR   007BH   A   
NOTSECOND. . . . .  C ADDR   0113H   A   
NOT_COUNTING . . .  C ADDR   0103H   A   
P1 . . . . . . . .  D ADDR   0090H   A   
P2 . . . . . . . .  D ADDR   00A0H   A   
P3 . . . . . . . .  D ADDR   00B0H   A   
RESPOSTAB. . . . .  C ADDR   011CH   A   
RESPOSTAC. . . . .  C ADDR   0123H   A   
RESPOSTAD. . . . .  C ADDR   012AH   A   
RESPOSTADEFAULT. .  C ADDR   0131H   A   
RETURN . . . . . .  C ADDR   0138H   A   
SEGMENTOS1 . . . .  C ADDR   0300H   A   
SEGMENTOS2 . . . .  C ADDR   030BH   A   
SEGUNDOSNAOZERO. .  C ADDR   00F9H   A   
SELECT_A . . . . .  C ADDR   00C8H   A   
SELECT_B . . . . .  C ADDR   00CCH   A   
SELECT_C . . . . .  C ADDR   00D0H   A   
SELECT_D . . . . .  C ADDR   00D4H   A   
TEMPOH . . . . . .  N NUMB   00D8H   A   
TEMPOL . . . . . .  N NUMB   00F0H   A   
TH0. . . . . . . .  D ADDR   008CH   A   
TH1. . . . . . . .  D ADDR   008DH   A   
TIMER0_ISR . . . .  C ADDR   00A9H   A   
TIMER1_ISR . . . .  C ADDR   00DDH   A   
TL0. . . . . . . .  D ADDR   008AH   A   
TL1. . . . . . . .  D ADDR   008BH   A   
TMOD . . . . . . .  D ADDR   0089H   A   
TR0. . . . . . . .  B ADDR   0088H.4 A   
TR1. . . . . . . .  B ADDR   0088H.6 A   


REGISTER BANK(S) USED: 0 


ASSEMBLY COMPLETE.  0 WARNING(S), 0 ERROR(S)
